// Jest Snapshot v1, https://goo.gl/fbAQLP

exports[`Tests for mission component Take snapshot form the element 1`] = `
Object {
  "asFragment": [Function],
  "baseElement": <body>
    <div>
      <tr
        class="table-body"
        data-testid="row"
      >
        <td>
          my mission
        </td>
        <td>
          Mission 1
        </td>
        <td>
          <span
            class="badge text-bg-secondary"
          >
            Not a member
          </span>
        </td>
        <td
          class="text-center col-2"
        >
          <button
            class="btn btn-outline-secondary"
            type="button"
          >
            Join Mission
          </button>
        </td>
      </tr>
    </div>
  </body>,
  "container": <div>
    <tr
      class="table-body"
      data-testid="row"
    >
      <td>
        my mission
      </td>
      <td>
        Mission 1
      </td>
      <td>
        <span
          class="badge text-bg-secondary"
        >
          Not a member
        </span>
      </td>
      <td
        class="text-center col-2"
      >
        <button
          class="btn btn-outline-secondary"
          type="button"
        >
          Join Mission
        </button>
      </td>
    </tr>
  </div>,
  "debug": [Function],
  "findAllByAltText": [Function],
  "findAllByDisplayValue": [Function],
  "findAllByLabelText": [Function],
  "findAllByPlaceholderText": [Function],
  "findAllByRole": [Function],
  "findAllByTestId": [Function],
  "findAllByText": [Function],
  "findAllByTitle": [Function],
  "findByAltText": [Function],
  "findByDisplayValue": [Function],
  "findByLabelText": [Function],
  "findByPlaceholderText": [Function],
  "findByRole": [Function],
  "findByTestId": [Function],
  "findByText": [Function],
  "findByTitle": [Function],
  "getAllByAltText": [Function],
  "getAllByDisplayValue": [Function],
  "getAllByLabelText": [Function],
  "getAllByPlaceholderText": [Function],
  "getAllByRole": [Function],
  "getAllByTestId": [Function],
  "getAllByText": [Function],
  "getAllByTitle": [Function],
  "getByAltText": [Function],
  "getByDisplayValue": [Function],
  "getByLabelText": [Function],
  "getByPlaceholderText": [Function],
  "getByRole": [Function],
  "getByTestId": [Function],
  "getByText": [Function],
  "getByTitle": [Function],
  "queryAllByAltText": [Function],
  "queryAllByDisplayValue": [Function],
  "queryAllByLabelText": [Function],
  "queryAllByPlaceholderText": [Function],
  "queryAllByRole": [Function],
  "queryAllByTestId": [Function],
  "queryAllByText": [Function],
  "queryAllByTitle": [Function],
  "queryByAltText": [Function],
  "queryByDisplayValue": [Function],
  "queryByLabelText": [Function],
  "queryByPlaceholderText": [Function],
  "queryByRole": [Function],
  "queryByTestId": [Function],
  "queryByText": [Function],
  "queryByTitle": [Function],
  "rerender": [Function],
  "unmount": [Function],
}
`;
