// Jest Snapshot v1, https://goo.gl/fbAQLP

exports[`Test the profile container components Take the snapshot from the component 1`] = `
Object {
  "asFragment": [Function],
  "baseElement": <body>
    <div>
      <section>
        <div
          class="row gx-3"
        >
          <div
            class="col"
          >
            <h3>
              Reserved Rockets
            </h3>
            <div
              class="alert alert-warning"
              role="alert"
            >
              You have not reserved any rocket yet.
            </div>
          </div>
          <div
            class="col"
          >
            <h3>
              Joined Missions
            </h3>
            <div>
              <div
                class="alert alert-warning"
                role="alert"
              >
                You have not joined to any mission yet.
              </div>
            </div>
          </div>
        </div>
      </section>
    </div>
  </body>,
  "container": <div>
    <section>
      <div
        class="row gx-3"
      >
        <div
          class="col"
        >
          <h3>
            Reserved Rockets
          </h3>
          <div
            class="alert alert-warning"
            role="alert"
          >
            You have not reserved any rocket yet.
          </div>
        </div>
        <div
          class="col"
        >
          <h3>
            Joined Missions
          </h3>
          <div>
            <div
              class="alert alert-warning"
              role="alert"
            >
              You have not joined to any mission yet.
            </div>
          </div>
        </div>
      </div>
    </section>
  </div>,
  "debug": [Function],
  "findAllByAltText": [Function],
  "findAllByDisplayValue": [Function],
  "findAllByLabelText": [Function],
  "findAllByPlaceholderText": [Function],
  "findAllByRole": [Function],
  "findAllByTestId": [Function],
  "findAllByText": [Function],
  "findAllByTitle": [Function],
  "findByAltText": [Function],
  "findByDisplayValue": [Function],
  "findByLabelText": [Function],
  "findByPlaceholderText": [Function],
  "findByRole": [Function],
  "findByTestId": [Function],
  "findByText": [Function],
  "findByTitle": [Function],
  "getAllByAltText": [Function],
  "getAllByDisplayValue": [Function],
  "getAllByLabelText": [Function],
  "getAllByPlaceholderText": [Function],
  "getAllByRole": [Function],
  "getAllByTestId": [Function],
  "getAllByText": [Function],
  "getAllByTitle": [Function],
  "getByAltText": [Function],
  "getByDisplayValue": [Function],
  "getByLabelText": [Function],
  "getByPlaceholderText": [Function],
  "getByRole": [Function],
  "getByTestId": [Function],
  "getByText": [Function],
  "getByTitle": [Function],
  "queryAllByAltText": [Function],
  "queryAllByDisplayValue": [Function],
  "queryAllByLabelText": [Function],
  "queryAllByPlaceholderText": [Function],
  "queryAllByRole": [Function],
  "queryAllByTestId": [Function],
  "queryAllByText": [Function],
  "queryAllByTitle": [Function],
  "queryByAltText": [Function],
  "queryByDisplayValue": [Function],
  "queryByLabelText": [Function],
  "queryByPlaceholderText": [Function],
  "queryByRole": [Function],
  "queryByTestId": [Function],
  "queryByText": [Function],
  "queryByTitle": [Function],
  "rerender": [Function],
  "unmount": [Function],
}
`;
